[0m[2J[H
[0;34m  мммммммммммммммммммммммммммммммммммммммммммммммммммммммммммммммммммммммммм
[0;1;37;44m  T h e   A R M   P i t   B B S                 Hollywood, FL  V.90 56K     [0m
[0;34m  пппппппппппппппппппппппппппппппппппппппппппппппппппппппппппппппппппппппппп
[0;1;33m     Now with a digital line!  [1;37m56K V.90[1;33m callers welcome[0;33m  (2400 still works, too)[0m
    [0;1;31mллллл  [0;1;31mл   л  [0;1;31mллллл  [0;1;31m    [0;1;31m ллл   [0;1;31mлллл   [0;1;31mл   л  [0;1;31m    [0;1;31mлллл   [0;1;31mллл  [0;1;31mллллл[0m
    [0;31m  л    [0;31mл   л  [0;31mл      [0;31m    [0;31mл   л  [0;31mл   л  [0;31mлл лл  [0;31m    [0;31mл   л  [0;31m л   [0;31m  л[0m
    [0;1;33m  л    [0;1;33mллллл  [0;1;33mлллл   [0;1;33m    [0;1;33mллллл  [0;1;33mлллл   [0;1;33mл л л  [0;1;33m    [0;1;33mлллл   [0;1;33m л   [0;1;33m  л[0m
    [0;33m  л    [0;33mл   л  [0;33mл      [0;33m    [0;33mл   л  [0;33mл  л   [0;33mл   л  [0;33m    [0;33mл      [0;33m л   [0;33m  л[0m
    [0;31m  л    [0;31mл   л  [0;31mллллл  [0;31m    [0;31mл   л  [0;31mл   л  [0;31mл   л  [0;31m    [0;31mл      [0;31mллл  [0;31m  л[0m

[0;36m      "Where the [1;37mRISC[0;36m takers hang out"[1;30m   њњњ[0;36m   Sysop: Europa   Node 1 of 1
[0;34m  ФФФФФФФФФФФФФФФФФФФФФФФФФФФФФФФФФФФФФФФФФФФФФФФФФФФФФФФФФФФФФФФФФФФФФФФФФФ
[0;37m  Message bases [1;30mњ[0;37m Files for ARM-DOS [1;30mњ[0;37m Four door games [1;30mњ[0;37m ZMODEM [1;30mњ[0;37m Est. 1987
[0m